Matrix Mul - multiplies two matrices
================================================================

This function receives two matrices and multiplies them if they can be multiplied.
A matrix can be multiplied by another matrix if the number of columns of the first matrix
is equal to the number of rows of the second matrix.

Args:
    matrix1 (List[List[int]]): The first matrix to be multiplied.
    matrix2 (List[List[int]]): The second matrix to be multiplied.

Returns:
    List[List[int]]: The resulting matrix of the multiplication.

Raises:
    TypeError: If the two matrices are not lists of lists of integers.
    ValueError: If the two matrices can not be multiplied.

Examples:

>>> matrix_mul = __import__('100-matrix_mul').matrix_mul
>>> matrix1 = [[1, 2], [3, 4]]
>>> matrix2 = [[5, 6], [7, 8]]
>>> matrix_mul(matrix1, matrix2)
[[19, 22], [43, 50]]

>>> matrix1 = [[1, 2, 3], [4, 5, 6]]
>>> matrix2 = [[7, 8], [9, 10], [11, 12]]
>>> matrix_mul(matrix1, matrix2)
[[58, 64], [139, 154]]

>>> matrix1 = [[1, 2], [3, 4]]
>>> matrix2 = [[5, 6, 7], [8, 9, 10]]
>>> matrix_mul(matrix1, matrix2)
[[21, 24, 27], [47, 54, 61]]

>>> matrix_mul([[1, 2], [3, 4]], [[2, 0], [1, 2]])
[[4, 4], [10, 8]]

>>> matrix_mul([[1, 2, 3], [4, 5, 6]], [[7, 8], [9, 10], [11, 12]])
[[58, 64], [139, 154]]

>>> matrix_mul([[1, 2], [3, 4]], [[5, 6], [7, 8]])
[[19, 22], [43, 50]]

>>> matrix_mul([[1, 2], [3, 4]], [[]])
Traceback (most recent call last):
    ...
ValueError: m_b can't be empty

>>> matrix_mul([[1, 2]], [[3, 4], [5, 6]])
[[13, 16]]

>>> matrix_mul([[1, 2], [3, 4]], "hola")
Traceback (most recent call last):
    ...
TypeError: m_b must be a list

>>> matrix_mul([[1, 2], [3, 4]], [1, 2])
Traceback (most recent call last):
    ...
ValueError: m_b must be a list of lists

>>> matrix_mul([[1, 2], [3, 4]], [[1, 2], [1, "Hola"]])
Traceback (most recent call last):
    ...
TypeError: m_b should contain only integers or floats
>>> matrix_mul([[1, 2], [3, 4], [1, 2, 5]], [[1, 2], [2, 4]])
Traceback (most recent call last):
    ... 
TypeError: each row of m_a must be of the same size
>>> matrix_mul([[3, 4, 5], [1, 2, 3]], [[1, 2, 6, 7, 8], [2, 4, 5, 4, 3], [1, 2, 6, 7, 8], [2, 4, 5, 4, 3]])
Traceback (most recent call last):
    ...
ValueError: m_a and m_b can't be multiplied